# Install build requirements.
libssl-dev

# Install development tools.
g++
curl
git

# Install optional external build dependencies.
libarchive-dev
libbz2-dev
libcurl4-gnutls-dev
libexpat1-dev
libjsoncpp-dev
liblzma-dev
libncurses-dev
librhash-dev
libuv1-dev
libzstd-dev
zlib1g-dev

# Install iwyu runtime deps.
clang-15
libncurses6

# Tools needed for the test suite.
jq

# Packages needed to test CTest.
bzr
cvs
subversion
mercurial

# Install HIP language toolchain.
hipcc

# Install swift runtime deps.
libncurses5

# Packages needed to test find modules.
alsa-utils
doxygen graphviz
freeglut3-dev
gnutls-dev
libarchive-dev
libblas-dev
libboost-dev
libboost-filesystem-dev
libboost-program-options-dev
libboost-python-dev
libboost-thread-dev
libbz2-dev
libcups2-dev
libcurl4-gnutls-dev
libdevil-dev
libfontconfig1-dev
libfreetype6-dev
libgdal-dev
libgif-dev
libgl1-mesa-dev
libglew-dev
libgmock-dev
libgrpc++-dev libgrpc-dev
libgsl-dev
libgtest-dev
libgtk2.0-dev
libhdf5-dev
libhdf5-mpich-dev
libhdf5-openmpi-dev
libicu-dev
libinput-dev
libjpeg-dev
libjsoncpp-dev
liblapack-dev
liblzma-dev
libmagick++-dev
libopenal-dev
libopenmpi-dev openmpi-bin
libosp-dev
libpng-dev
libpq-dev postgresql-server-dev-15
libprotobuf-dev libprotobuf-c-dev libprotoc-dev protobuf-compiler protobuf-compiler-grpc
libsdl1.2-dev
libsqlite3-dev
libtiff-dev
libuv1-dev
libwxgtk3.2-dev
libx11-dev
libxalan-c-dev
libxerces-c-dev
libxml2-dev libxml2-utils
libxslt-dev xsltproc
openjdk-17-jdk
python3 python3-dev python3-numpy pypy3 pypy3-dev python3-venv
qtbase5-dev qtbase5-dev-tools
ruby ruby-dev
swig
unixodbc-dev

# Packages needed to test ironpython.
libmono-system-windows-forms4.0-cil
